	github.com/yegamble/goimg-datalayer/cmd/api		coverage: 0.0% of statements
	github.com/yegamble/goimg-datalayer/cmd/migrate		coverage: 0.0% of statements
	github.com/yegamble/goimg-datalayer/cmd/worker		coverage: 0.0% of statements
?   	github.com/yegamble/goimg-datalayer/internal	[no test files]
	github.com/yegamble/goimg-datalayer/internal/application/activity/dto		coverage: 0.0% of statements
	github.com/yegamble/goimg-datalayer/internal/application/activity/queries		coverage: 0.0% of statements
?   	github.com/yegamble/goimg-datalayer/internal/application/community	[no test files]
ok  	github.com/yegamble/goimg-datalayer/internal/application/community/commands	1.065s	coverage: 14.9% of statements
	github.com/yegamble/goimg-datalayer/internal/application/community/queries		coverage: 0.0% of statements
	github.com/yegamble/goimg-datalayer/internal/application/community/testhelpers		coverage: 0.0% of statements
?   	github.com/yegamble/goimg-datalayer/internal/application/gallery	[no test files]
ok  	github.com/yegamble/goimg-datalayer/internal/application/gallery/commands	72.951s	coverage: 64.9% of statements
ok  	github.com/yegamble/goimg-datalayer/internal/application/gallery/queries	1.128s	coverage: 65.9% of statements
	github.com/yegamble/goimg-datalayer/internal/application/gallery/testhelpers		coverage: 0.0% of statements
ok  	github.com/yegamble/goimg-datalayer/internal/application/identity	1.718s	coverage: 90.9% of statements
ok  	github.com/yegamble/goimg-datalayer/internal/application/identity/commands	91.558s	coverage: 41.9% of statements
	github.com/yegamble/goimg-datalayer/internal/application/identity/dto		coverage: 0.0% of statements
ok  	github.com/yegamble/goimg-datalayer/internal/application/identity/queries	52.512s	coverage: 95.8% of statements
?   	github.com/yegamble/goimg-datalayer/internal/application/identity/services	[no test files]
	github.com/yegamble/goimg-datalayer/internal/application/identity/testhelpers		coverage: 0.0% of statements
?   	github.com/yegamble/goimg-datalayer/internal/application/moderation	[no test files]
ok  	github.com/yegamble/goimg-datalayer/internal/application/moderation/commands	1.433s	coverage: 58.3% of statements
ok  	github.com/yegamble/goimg-datalayer/internal/application/moderation/queries	2.374s	coverage: 46.0% of statements
	github.com/yegamble/goimg-datalayer/internal/application/moderation/testhelpers		coverage: 0.0% of statements
	github.com/yegamble/goimg-datalayer/internal/application/notification		coverage: 0.0% of statements
ok  	github.com/yegamble/goimg-datalayer/internal/application/notification/commands	1.114s	coverage: 0.0% of statements [no tests to run]
	github.com/yegamble/goimg-datalayer/internal/application/notification/queries		coverage: 0.0% of statements
ok  	github.com/yegamble/goimg-datalayer/internal/domain/activity	1.729s	coverage: 88.9% of statements
ok  	github.com/yegamble/goimg-datalayer/internal/domain/community	1.160s	coverage: 86.9% of statements
ok  	github.com/yegamble/goimg-datalayer/internal/domain/gallery	1.144s	coverage: 85.8% of statements
ok  	github.com/yegamble/goimg-datalayer/internal/domain/identity	96.770s	coverage: 93.0% of statements
ok  	github.com/yegamble/goimg-datalayer/internal/domain/moderation	1.220s	coverage: 100.0% of statements
ok  	github.com/yegamble/goimg-datalayer/internal/domain/notification	1.071s	coverage: 72.9% of statements
ok  	github.com/yegamble/goimg-datalayer/internal/domain/shared	1.108s	coverage: 78.0% of statements
	github.com/yegamble/goimg-datalayer/internal/infrastructure/adapters/identity		coverage: 0.0% of statements
	github.com/yegamble/goimg-datalayer/internal/infrastructure/email		coverage: 0.0% of statements
ok  	github.com/yegamble/goimg-datalayer/internal/infrastructure/jobs/asynq	1.243s	coverage: 75.9% of statements
ok  	github.com/yegamble/goimg-datalayer/internal/infrastructure/jobs/tasks	1.575s	coverage: 28.6% of statements
ok  	github.com/yegamble/goimg-datalayer/internal/infrastructure/persistence/postgres	1.212s	coverage: 0.9% of statements
ok  	github.com/yegamble/goimg-datalayer/internal/infrastructure/persistence/redis	28.444s	coverage: 93.4% of statements
ok  	github.com/yegamble/goimg-datalayer/internal/infrastructure/secrets	1.098s	coverage: 68.0% of statements
ok  	github.com/yegamble/goimg-datalayer/internal/infrastructure/security	1.532s	coverage: 51.4% of statements
	github.com/yegamble/goimg-datalayer/internal/infrastructure/security/clamav		coverage: 0.0% of statements
ok  	github.com/yegamble/goimg-datalayer/internal/infrastructure/security/jwt	27.474s	coverage: 87.8% of statements
ok  	github.com/yegamble/goimg-datalayer/internal/infrastructure/security/nsfw	4.393s	coverage: 76.6% of statements
	github.com/yegamble/goimg-datalayer/internal/infrastructure/storage		coverage: 0.0% of statements
ok  	github.com/yegamble/goimg-datalayer/internal/infrastructure/storage/ipfs	1.154s	coverage: 83.1% of statements
ok  	github.com/yegamble/goimg-datalayer/internal/infrastructure/storage/local	1.093s	coverage: 76.2% of statements
ok  	github.com/yegamble/goimg-datalayer/internal/infrastructure/storage/orchestrator	1.083s	coverage: 92.9% of statements
ok  	github.com/yegamble/goimg-datalayer/internal/infrastructure/storage/processor	1.257s	coverage: 25.3% of statements
ok  	github.com/yegamble/goimg-datalayer/internal/infrastructure/storage/s3	1.113s	coverage: 36.8% of statements
ok  	github.com/yegamble/goimg-datalayer/internal/infrastructure/storage/validator	1.084s	coverage: 90.4% of statements
	github.com/yegamble/goimg-datalayer/internal/interfaces/http/generated		coverage: 0.0% of statements
ok  	github.com/yegamble/goimg-datalayer/internal/interfaces/http/handlers	8.289s	coverage: 12.0% of statements
ok  	github.com/yegamble/goimg-datalayer/internal/interfaces/http/middleware	1.209s	coverage: 64.2% of statements
ok  	github.com/yegamble/goimg-datalayer/tests/contract	2.486s	coverage: [no statements]
ok  	github.com/yegamble/goimg-datalayer/tests/helpers	1.067s	coverage: 100.0% of statements
	github.com/yegamble/goimg-datalayer/tests/integration/containers		coverage: 0.0% of statements
	github.com/yegamble/goimg-datalayer/tests/integration/fixtures		coverage: 0.0% of statements
ok  	github.com/yegamble/goimg-datalayer/tests/integration/repository	1.137s	coverage: [no statements]
ok  	github.com/yegamble/goimg-datalayer/tests/security	1.208s	coverage: [no statements]
	github.com/yegamble/goimg-datalayer/tests/security/mocks		coverage: 0.0% of statements
ok  	github.com/yegamble/goimg-datalayer/tests/unit	8.992s	coverage: [no statements]
	github.com/yegamble/goimg-datalayer/tools/validate-openapi		coverage: 0.0% of statements
